src/testing/data/TestDataManager.ts(545,4): error TS1005: '}' expected.
src/testing/security/SecurityReportingSystem.ts(48,1): error TS1131: Property or signature expected.
src/testing/websocket/RealTimeMessagingTester.ts(1551,5): error TS1128: Declaration or statement expected.
src/testing/websocket/RealTimeMessagingTester.ts(1551,7): error TS1005: 'try' expected.
src/testing/websocket/RealTimeMessagingTester.ts(1561,3): error TS1128: Declaration or statement expected.
src/testing/websocket/RealTimeMessagingTester.ts(1566,3): error TS1128: Declaration or statement expected.
src/testing/websocket/RealTimeMessagingTester.ts(1566,11): error TS1434: Unexpected keyword or identifier.
src/testing/websocket/RealTimeMessagingTester.ts(1566,48): error TS1005: ',' expected.
src/testing/websocket/RealTimeMessagingTester.ts(1566,70): error TS1005: ';' expected.
src/testing/websocket/RealTimeMessagingTester.ts(1567,11): error TS1005: ':' expected.
src/testing/websocket/RealTimeMessagingTester.ts(1569,5): error TS1005: ',' expected.
src/testing/websocket/RealTimeMessagingTester.ts(1569,9): error TS1005: ':' expected.
src/testing/websocket/RealTimeMessagingTester.ts(1570,13): error TS1005: ':' expected.
src/testing/websocket/RealTimeMessagingTester.ts(1571,7): error TS1005: ',' expected.
src/testing/websocket/RealTimeMessagingTester.ts(1571,13): error TS1005: ':' expected.
src/testing/websocket/RealTimeMessagingTester.ts(1573,7): error TS1005: ',' expected.
src/testing/websocket/RealTimeMessagingTester.ts(1573,11): error TS1005: ',' expected.
src/testing/websocket/RealTimeMessagingTester.ts(1574,7): error TS1005: ',' expected.
src/testing/websocket/RealTimeMessagingTester.ts(1574,13): error TS1005: ':' expected.
src/testing/websocket/RealTimeMessagingTester.ts(1574,30): error TS1005: ',' expected.
src/testing/websocket/RealTimeMessagingTester.ts(1574,38): error TS1005: ',' expected.
src/testing/websocket/RealTimeMessagingTester.ts(1574,39): error TS1109: Expression expected.
src/testing/websocket/RealTimeMessagingTester.ts(1574,41): error TS1005: ':' expected.
src/testing/websocket/RealTimeMessagingTester.ts(1577,7): error TS1005: ',' expected.
src/testing/websocket/RealTimeMessagingTester.ts(1577,13): error TS1005: ',' expected.
src/testing/websocket/RealTimeMessagingTester.ts(1583,7): error TS1005: ',' expected.
src/testing/websocket/RealTimeMessagingTester.ts(1583,13): error TS1005: ':' expected.
src/testing/websocket/RealTimeMessagingTester.ts(1589,7): error TS1005: ',' expected.
src/testing/websocket/RealTimeMessagingTester.ts(1589,11): error TS1005: ',' expected.
src/testing/websocket/RealTimeMessagingTester.ts(1590,7): error TS1005: ',' expected.
src/testing/websocket/RealTimeMessagingTester.ts(1590,12): error TS1359: Identifier expected. 'const' is a reserved word that cannot be used here.
src/testing/websocket/RealTimeMessagingTester.ts(1590,18): error TS1005: ',' expected.
src/testing/websocket/RealTimeMessagingTester.ts(1590,22): error TS1005: ',' expected.
src/testing/websocket/RealTimeMessagingTester.ts(1590,25): error TS1005: ',' expected.
src/testing/websocket/RealTimeMessagingTester.ts(1605,7): error TS1005: ',' expected.
src/testing/websocket/RealTimeMessagingTester.ts(1605,13): error TS1005: ':' expected.
src/testing/websocket/RealTimeMessagingTester.ts(1608,7): error TS1005: ',' expected.
src/testing/websocket/RealTimeMessagingTester.ts(1608,13): error TS1005: ':' expected.
src/testing/websocket/RealTimeMessagingTester.ts(1609,7): error TS1005: ',' expected.
src/testing/websocket/RealTimeMessagingTester.ts(1609,13): error TS1005: ':' expected.
src/testing/websocket/RealTimeMessagingTester.ts(1611,7): error TS1005: ',' expected.
src/testing/websocket/RealTimeMessagingTester.ts(1611,14): error TS1005: ':' expected.
src/testing/websocket/RealTimeMessagingTester.ts(1632,7): error TS1005: ',' expected.
src/testing/websocket/WebSocketConnectionTester.ts(86,3): error TS1128: Declaration or statement expected.
src/testing/websocket/WebSocketConnectionTester.ts(86,11): error TS1434: Unexpected keyword or identifier.
src/testing/websocket/WebSocketConnectionTester.ts(86,51): error TS1005: ',' expected.
src/testing/websocket/WebSocketConnectionTester.ts(86,73): error TS1005: ';' expected.
src/testing/websocket/WebSocketConnectionTester.ts(87,11): error TS1005: ':' expected.
src/testing/websocket/WebSocketConnectionTester.ts(89,5): error TS1005: ',' expected.
src/testing/websocket/WebSocketConnectionTester.ts(89,9): error TS1005: ':' expected.
src/testing/websocket/WebSocketConnectionTester.ts(90,13): error TS1005: ':' expected.
src/testing/websocket/WebSocketConnectionTester.ts(91,7): error TS1005: ',' expected.
src/testing/websocket/WebSocketConnectionTester.ts(91,13): error TS1005: ':' expected.
src/testing/websocket/WebSocketConnectionTester.ts(91,25): error TS1005: ',' expected.
src/testing/websocket/WebSocketConnectionTester.ts(100,7): error TS1005: ',' expected.
src/testing/websocket/WebSocketConnectionTester.ts(100,13): error TS1005: ':' expected.
src/testing/websocket/WebSocketConnectionTester.ts(101,7): error TS1005: ',' expected.
src/testing/websocket/WebSocketConnectionTester.ts(101,11): error TS1005: ':' expected.
src/testing/websocket/WebSocketConnectionTester.ts(104,7): error TS1005: ',' expected.
src/testing/websocket/WebSocketConnectionTester.ts(104,13): error TS1005: ':' expected.
src/testing/websocket/WebSocketConnectionTester.ts(107,7): error TS1005: ',' expected.
src/testing/websocket/WebSocketConnectionTester.ts(107,13): error TS1005: ':' expected.
src/testing/websocket/WebSocketConnectionTester.ts(108,7): error TS1005: ',' expected.
src/testing/websocket/WebSocketConnectionTester.ts(108,13): error TS1005: ':' expected.
src/testing/websocket/WebSocketConnectionTester.ts(109,7): error TS1005: ',' expected.
src/testing/websocket/WebSocketConnectionTester.ts(109,13): error TS1005: ':' expected.
src/testing/websocket/WebSocketConnectionTester.ts(111,7): error TS1005: ',' expected.
src/testing/websocket/WebSocketConnectionTester.ts(111,11): error TS1003: Identifier expected.
src/testing/websocket/WebSocketConnectionTester.ts(111,24): error TS1005: ',' expected.
src/testing/websocket/WebSocketConnectionTester.ts(111,27): error TS1003: Identifier expected.
src/testing/websocket/WebSocketConnectionTester.ts(126,7): error TS1005: ',' expected.
src/testing/websocket/WebSocketConnectionTester.ts(126,14): error TS1005: ':' expected.
src/testing/websocket/WebSocketConnectionTester.ts(139,7): error TS1005: ',' expected.
src/testing/websocket/WebSocketConnectionTester.ts(154,3): error TS1434: Unexpected keyword or identifier.
src/testing/websocket/WebSocketConnectionTester.ts(154,11): error TS1434: Unexpected keyword or identifier.
src/testing/websocket/WebSocketConnectionTester.ts(154,42): error TS1005: ',' expected.
src/testing/websocket/WebSocketConnectionTester.ts(154,64): error TS1005: ';' expected.
src/testing/websocket/WebSocketConnectionTester.ts(155,11): error TS1005: ':' expected.
src/testing/websocket/WebSocketConnectionTester.ts(157,5): error TS1005: ',' expected.
src/testing/websocket/WebSocketConnectionTester.ts(157,9): error TS1005: ':' expected.
src/testing/websocket/WebSocketConnectionTester.ts(158,13): error TS1005: ':' expected.
src/testing/websocket/WebSocketConnectionTester.ts(159,7): error TS1005: ',' expected.
src/testing/websocket/WebSocketConnectionTester.ts(159,13): error TS1005: ':' expected.
src/testing/websocket/WebSocketConnectionTester.ts(159,25): error TS1005: ',' expected.
src/testing/websocket/WebSocketConnectionTester.ts(171,7): error TS1005: ',' expected.
src/testing/websocket/WebSocketConnectionTester.ts(171,13): error TS1005: ':' expected.
src/testing/websocket/WebSocketConnectionTester.ts(172,7): error TS1005: ',' expected.
src/testing/websocket/WebSocketConnectionTester.ts(172,11): error TS1005: ':' expected.
src/testing/websocket/WebSocketConnectionTester.ts(174,7): error TS1005: ',' expected.
src/testing/websocket/WebSocketConnectionTester.ts(174,11): error TS1005: ',' expected.
src/testing/websocket/WebSocketConnectionTester.ts(177,7): error TS1005: ',' expected.
src/testing/websocket/WebSocketConnectionTester.ts(177,13): error TS1005: ',' expected.
src/testing/websocket/WebSocketConnectionTester.ts(189,7): error TS1005: ',' expected.
src/testing/websocket/WebSocketConnectionTester.ts(189,13): error TS1005: ':' expected.
src/testing/websocket/WebSocketConnectionTester.ts(192,7): error TS1005: ',' expected.
src/testing/websocket/WebSocketConnectionTester.ts(192,13): error TS1005: ':' expected.
src/testing/websocket/WebSocketConnectionTester.ts(196,7): error TS1005: ',' expected.
src/testing/websocket/WebSocketConnectionTester.ts(196,13): error TS1005: ':' expected.
src/testing/websocket/WebSocketConnectionTester.ts(198,7): error TS1005: ',' expected.
src/testing/websocket/WebSocketConnectionTester.ts(198,14): error TS1005: ':' expected.
src/testing/websocket/WebSocketConnectionTester.ts(216,7): error TS1005: ',' expected.
src/testing/websocket/WebSocketConnectionTester.ts(231,3): error TS1434: Unexpected keyword or identifier.
src/testing/websocket/WebSocketConnectionTester.ts(231,11): error TS1434: Unexpected keyword or identifier.
src/testing/websocket/WebSocketConnectionTester.ts(231,42): error TS1005: ',' expected.
src/testing/websocket/WebSocketConnectionTester.ts(231,64): error TS1005: ';' expected.
src/testing/websocket/WebSocketConnectionTester.ts(232,11): error TS1005: ':' expected.
src/testing/websocket/WebSocketConnectionTester.ts(234,5): error TS1005: ',' expected.
src/testing/websocket/WebSocketConnectionTester.ts(234,9): error TS1005: ':' expected.
src/testing/websocket/WebSocketConnectionTester.ts(235,13): error TS1005: ':' expected.
src/testing/websocket/WebSocketConnectionTester.ts(236,7): error TS1005: ',' expected.
src/testing/websocket/WebSocketConnectionTester.ts(236,13): error TS1005: ':' expected.
src/testing/websocket/WebSocketConnectionTester.ts(238,7): error TS1005: ',' expected.
src/testing/websocket/WebSocketConnectionTester.ts(238,11): error TS1005: ',' expected.
src/testing/websocket/WebSocketConnectionTester.ts(239,7): error TS1005: ',' expected.
src/testing/websocket/WebSocketConnectionTester.ts(239,11): error TS1005: ',' expected.
src/testing/websocket/WebSocketConnectionTester.ts(242,7): error TS1005: ',' expected.
src/testing/websocket/WebSocketConnectionTester.ts(242,13): error TS1005: ',' expected.
src/testing/websocket/WebSocketConnectionTester.ts(247,7): error TS1005: ',' expected.
src/testing/websocket/WebSocketConnectionTester.ts(247,13): error TS1005: ',' expected.
src/testing/websocket/WebSocketConnectionTester.ts(253,7): error TS1005: ',' expected.
src/testing/websocket/WebSocketConnectionTester.ts(253,13): error TS1005: ':' expected.
src/testing/websocket/WebSocketConnectionTester.ts(255,7): error TS1005: ',' expected.
src/testing/websocket/WebSocketConnectionTester.ts(255,12): error TS1359: Identifier expected. 'const' is a reserved word that cannot be used here.
src/testing/websocket/WebSocketConnectionTester.ts(255,18): error TS1005: ',' expected.
src/testing/websocket/WebSocketConnectionTester.ts(255,25): error TS1005: ',' expected.
src/testing/websocket/WebSocketConnectionTester.ts(255,28): error TS1005: ',' expected.
src/testing/websocket/WebSocketConnectionTester.ts(261,7): error TS1005: ',' expected.
src/testing/websocket/WebSocketConnectionTester.ts(261,12): error TS1359: Identifier expected. 'const' is a reserved word that cannot be used here.
src/testing/websocket/WebSocketConnectionTester.ts(261,18): error TS1005: ',' expected.
src/testing/websocket/WebSocketConnectionTester.ts(261,25): error TS1005: ',' expected.
src/testing/websocket/WebSocketConnectionTester.ts(261,28): error TS1005: ',' expected.
src/testing/websocket/WebSocketConnectionTester.ts(267,7): error TS1005: ',' expected.
src/testing/websocket/WebSocketConnectionTester.ts(267,13): error TS1005: ':' expected.
src/testing/websocket/WebSocketConnectionTester.ts(269,7): error TS1005: ',' expected.
src/testing/websocket/WebSocketConnectionTester.ts(269,13): error TS1005: ':' expected.
src/testing/websocket/WebSocketConnectionTester.ts(271,7): error TS1005: ',' expected.
src/testing/websocket/WebSocketConnectionTester.ts(271,14): error TS1005: ':' expected.
src/testing/websocket/WebSocketConnectionTester.ts(292,7): error TS1005: ',' expected.
src/testing/websocket/WebSocketConnectionTester.ts(306,3): error TS1434: Unexpected keyword or identifier.
src/testing/websocket/WebSocketConnectionTester.ts(306,11): error TS1434: Unexpected keyword or identifier.
src/testing/websocket/WebSocketConnectionTester.ts(306,43): error TS1005: ',' expected.
src/testing/websocket/WebSocketConnectionTester.ts(306,65): error TS1005: ';' expected.
src/testing/websocket/WebSocketConnectionTester.ts(307,11): error TS1005: ':' expected.
src/testing/websocket/WebSocketConnectionTester.ts(309,5): error TS1005: ',' expected.
src/testing/websocket/WebSocketConnectionTester.ts(309,9): error TS1005: ':' expected.
src/testing/websocket/WebSocketConnectionTester.ts(310,13): error TS1005: ':' expected.
src/testing/websocket/WebSocketConnectionTester.ts(311,7): error TS1005: ',' expected.
src/testing/websocket/WebSocketConnectionTester.ts(311,13): error TS1005: ':' expected.
src/testing/websocket/WebSocketConnectionTester.ts(313,7): error TS1005: ',' expected.
src/testing/websocket/WebSocketConnectionTester.ts(313,11): error TS1005: ',' expected.
src/testing/websocket/WebSocketConnectionTester.ts(314,7): error TS1005: ',' expected.
src/testing/websocket/WebSocketConnectionTester.ts(314,11): error TS1005: ',' expected.
src/testing/websocket/WebSocketConnectionTester.ts(315,7): error TS1005: ',' expected.
src/testing/websocket/WebSocketConnectionTester.ts(315,13): error TS1005: ':' expected.
src/testing/websocket/WebSocketConnectionTester.ts(315,29): error TS1005: ',' expected.
src/testing/websocket/WebSocketConnectionTester.ts(315,34): error TS1005: ',' expected.
src/testing/websocket/WebSocketConnectionTester.ts(315,35): error TS1109: Expression expected.
src/testing/websocket/WebSocketConnectionTester.ts(315,37): error TS1005: ':' expected.
src/testing/websocket/WebSocketConnectionTester.ts(318,7): error TS1005: ',' expected.
src/testing/websocket/WebSocketConnectionTester.ts(318,11): error TS1005: ':' expected.
src/testing/websocket/WebSocketConnectionTester.ts(321,7): error TS1005: ',' expected.
src/testing/websocket/WebSocketConnectionTester.ts(321,13): error TS1005: ',' expected.
src/testing/websocket/WebSocketConnectionTester.ts(331,7): error TS1005: ',' expected.
src/testing/websocket/WebSocketConnectionTester.ts(331,13): error TS1005: ':' expected.
src/testing/websocket/WebSocketConnectionTester.ts(353,7): error TS1005: ',' expected.
src/testing/websocket/WebSocketConnectionTester.ts(353,12): error TS1359: Identifier expected. 'const' is a reserved word that cannot be used here.
src/testing/websocket/WebSocketConnectionTester.ts(353,18): error TS1005: ',' expected.
src/testing/websocket/WebSocketConnectionTester.ts(353,26): error TS1005: ',' expected.
src/testing/websocket/WebSocketConnectionTester.ts(353,29): error TS1005: ',' expected.
src/testing/websocket/WebSocketConnectionTester.ts(364,7): error TS1005: ',' expected.
src/testing/websocket/WebSocketConnectionTester.ts(364,13): error TS1005: ':' expected.
src/testing/websocket/WebSocketConnectionTester.ts(368,7): error TS1005: ',' expected.
src/testing/websocket/WebSocketConnectionTester.ts(368,13): error TS1005: ':' expected.
src/testing/websocket/WebSocketConnectionTester.ts(370,7): error TS1005: ',' expected.
src/testing/websocket/WebSocketConnectionTester.ts(370,13): error TS1005: ':' expected.
src/testing/websocket/WebSocketConnectionTester.ts(372,7): error TS1005: ',' expected.
src/testing/websocket/WebSocketConnectionTester.ts(372,14): error TS1005: ':' expected.
src/testing/websocket/WebSocketConnectionTester.ts(394,7): error TS1005: ',' expected.
src/testing/websocket/WebSocketConnectionTester.ts(409,3): error TS1434: Unexpected keyword or identifier.
src/testing/websocket/WebSocketConnectionTester.ts(409,11): error TS1434: Unexpected keyword or identifier.
src/testing/websocket/WebSocketConnectionTester.ts(409,44): error TS1005: ',' expected.
src/testing/websocket/WebSocketConnectionTester.ts(409,66): error TS1005: ';' expected.
src/testing/websocket/WebSocketConnectionTester.ts(410,11): error TS1005: ':' expected.
src/testing/websocket/WebSocketConnectionTester.ts(412,5): error TS1005: ',' expected.
src/testing/websocket/WebSocketConnectionTester.ts(412,9): error TS1005: ':' expected.
src/testing/websocket/WebSocketConnectionTester.ts(413,13): error TS1005: ':' expected.
src/testing/websocket/WebSocketConnectionTester.ts(414,7): error TS1005: ',' expected.
src/testing/websocket/WebSocketConnectionTester.ts(414,13): error TS1005: ':' expected.
src/testing/websocket/WebSocketConnectionTester.ts(417,7): error TS1005: ',' expected.
src/testing/websocket/WebSocketConnectionTester.ts(417,13): error TS1005: ':' expected.
src/testing/websocket/WebSocketConnectionTester.ts(420,7): error TS1005: ',' expected.
src/testing/websocket/WebSocketConnectionTester.ts(420,13): error TS1005: ':' expected.
src/testing/websocket/WebSocketConnectionTester.ts(422,7): error TS1005: ',' expected.
src/testing/websocket/WebSocketConnectionTester.ts(422,16): error TS1005: ',' expected.
src/testing/websocket/WebSocketConnectionTester.ts(422,21): error TS1005: ',' expected.
src/testing/websocket/WebSocketConnectionTester.ts(422,25): error TS1005: ',' expected.
src/testing/websocket/WebSocketConnectionTester.ts(422,27): error TS1003: Identifier expected.
src/testing/websocket/WebSocketConnectionTester.ts(422,28): error TS1138: Parameter declaration expected.
src/testing/websocket/WebSocketConnectionTester.ts(422,31): error TS1005: ',' expected.
src/testing/websocket/WebSocketConnectionTester.ts(422,33): error TS1005: ',' expected.
src/testing/websocket/WebSocketConnectionTester.ts(422,35): error TS1136: Property assignment expected.
src/testing/websocket/WebSocketConnectionTester.ts(458,5): error TS1128: Declaration or statement expected.
src/testing/websocket/WebSocketConnectionTester.ts(458,7): error TS1005: 'try' expected.
src/testing/websocket/WebSocketConnectionTester.ts(468,3): error TS1128: Declaration or statement expected.
src/testing/websocket/WebSocketConnectionTester.ts(473,3): error TS1128: Declaration or statement expected.
src/testing/websocket/WebSocketConnectionTester.ts(473,11): error TS1434: Unexpected keyword or identifier.
src/testing/websocket/WebSocketConnectionTester.ts(473,45): error TS1005: ',' expected.
src/testing/websocket/WebSocketConnectionTester.ts(473,67): error TS1005: ';' expected.
src/testing/websocket/WebSocketConnectionTester.ts(474,11): error TS1005: ':' expected.
src/testing/websocket/WebSocketConnectionTester.ts(476,5): error TS1005: ',' expected.
src/testing/websocket/WebSocketConnectionTester.ts(476,9): error TS1005: ':' expected.
src/testing/websocket/WebSocketConnectionTester.ts(477,13): error TS1005: ':' expected.
src/testing/websocket/WebSocketConnectionTester.ts(478,7): error TS1005: ',' expected.
src/testing/websocket/WebSocketConnectionTester.ts(478,13): error TS1005: ':' expected.
src/testing/websocket/WebSocketConnectionTester.ts(478,25): error TS1005: ',' expected.
src/testing/websocket/WebSocketConnectionTester.ts(487,7): error TS1005: ',' expected.
src/testing/websocket/WebSocketConnectionTester.ts(487,13): error TS1005: ':' expected.
src/testing/websocket/WebSocketConnectionTester.ts(488,7): error TS1005: ',' expected.
src/testing/websocket/WebSocketConnectionTester.ts(488,11): error TS1005: ':' expected.
src/testing/websocket/WebSocketConnectionTester.ts(490,7): error TS1005: ',' expected.
src/testing/websocket/WebSocketConnectionTester.ts(490,11): error TS1005: ',' expected.
src/testing/websocket/WebSocketConnectionTester.ts(491,7): error TS1005: ',' expected.
src/testing/websocket/WebSocketConnectionTester.ts(491,11): error TS1005: ',' expected.
src/testing/websocket/WebSocketConnectionTester.ts(494,7): error TS1005: ',' expected.
src/testing/websocket/WebSocketConnectionTester.ts(494,13): error TS1005: ',' expected.
src/testing/websocket/WebSocketConnectionTester.ts(506,7): error TS1005: ',' expected.
src/testing/websocket/WebSocketConnectionTester.ts(506,13): error TS1005: ':' expected.
src/testing/websocket/WebSocketConnectionTester.ts(506,29): error TS1005: ',' expected.
src/testing/websocket/WebSocketConnectionTester.ts(509,13): error TS1005: ',' expected.
src/testing/websocket/WebSocketConnectionTester.ts(509,26): error TS1005: ',' expected.
src/testing/websocket/WebSocketConnectionTester.ts(510,13): error TS1005: ':' expected.
src/testing/websocket/WebSocketConnectionTester.ts(510,62): error TS1005: ',' expected.
src/testing/websocket/WebSocketConnectionTester.ts(513,13): error TS1005: ':' expected.
src/testing/websocket/WebSocketConnectionTester.ts(513,29): error TS1005: ',' expected.
src/testing/websocket/WebSocketConnectionTester.ts(516,13): error TS1005: ':' expected.
src/testing/websocket/WebSocketConnectionTester.ts(516,62): error TS1005: ',' expected.
src/testing/websocket/WebSocketConnectionTester.ts(519,13): error TS1005: ':' expected.
src/testing/websocket/WebSocketConnectionTester.ts(519,64): error TS1005: ',' expected.
src/testing/websocket/WebSocketConnectionTester.ts(521,14): error TS1005: ':' expected.
src/testing/websocket/WebSocketConnectionTester.ts(541,7): error TS1005: ',' expected.
src/testing/websocket/WebSocketConnectionTester.ts(556,3): error TS1434: Unexpected keyword or identifier.
src/testing/websocket/WebSocketConnectionTester.ts(556,11): error TS1434: Unexpected keyword or identifier.
src/testing/websocket/WebSocketConnectionTester.ts(556,49): error TS1005: ',' expected.
src/testing/websocket/WebSocketConnectionTester.ts(556,71): error TS1005: ';' expected.
src/testing/websocket/WebSocketConnectionTester.ts(557,11): error TS1005: ':' expected.
src/testing/websocket/WebSocketConnectionTester.ts(559,5): error TS1005: ',' expected.
src/testing/websocket/WebSocketConnectionTester.ts(559,9): error TS1005: ':' expected.
src/testing/websocket/WebSocketConnectionTester.ts(560,13): error TS1005: ':' expected.
src/testing/websocket/WebSocketConnectionTester.ts(561,7): error TS1005: ',' expected.
src/testing/websocket/WebSocketConnectionTester.ts(561,13): error TS1005: ':' expected.
src/testing/websocket/WebSocketConnectionTester.ts(561,24): error TS1005: ',' expected.
src/testing/websocket/WebSocketConnectionTester.ts(561,41): error TS1005: ',' expected.
src/testing/websocket/WebSocketConnectionTester.ts(561,42): error TS1109: Expression expected.
src/testing/websocket/WebSocketConnectionTester.ts(561,44): error TS1005: ':' expected.
src/testing/websocket/WebSocketConnectionTester.ts(562,7): error TS1005: ',' expected.
src/testing/websocket/WebSocketConnectionTester.ts(562,13): error TS1005: ':' expected.
src/testing/websocket/WebSocketConnectionTester.ts(562,31): error TS1005: ',' expected.
src/testing/websocket/WebSocketConnectionTester.ts(562,41): error TS1139: Type parameter declaration expected.
src/testing/websocket/WebSocketConnectionTester.ts(562,45): error TS1005: ':' expected.
src/testing/websocket/WebSocketConnectionTester.ts(562,49): error TS1005: ',' expected.
src/testing/websocket/WebSocketConnectionTester.ts(562,52): error TS1109: Expression expected.
src/testing/websocket/WebSocketConnectionTester.ts(565,7): error TS1005: ':' expected.
src/testing/websocket/WebSocketConnectionTester.ts(565,16): error TS1005: ',' expected.
src/testing/websocket/WebSocketConnectionTester.ts(565,21): error TS1005: ',' expected.
src/testing/websocket/WebSocketConnectionTester.ts(565,25): error TS1005: ',' expected.
src/testing/websocket/WebSocketConnectionTester.ts(565,42): error TS1005: ',' expected.
src/testing/websocket/WebSocketConnectionTester.ts(565,45): error TS1005: ',' expected.
src/testing/websocket/WebSocketConnectionTester.ts(565,47): error TS1005: ',' expected.
src/testing/websocket/WebSocketConnectionTester.ts(565,49): error TS1136: Property assignment expected.
src/testing/websocket/WebSocketConnectionTester.ts(632,5): error TS1128: Declaration or statement expected.
src/testing/websocket/WebSocketConnectionTester.ts(632,7): error TS1005: 'try' expected.
src/testing/websocket/WebSocketConnectionTester.ts(642,3): error TS1128: Declaration or statement expected.
src/testing/websocket/WebSocketConnectionTester.ts(647,3): error TS1128: Declaration or statement expected.
src/testing/websocket/WebSocketConnectionTester.ts(647,11): error TS1434: Unexpected keyword or identifier.
src/testing/websocket/WebSocketConnectionTester.ts(647,45): error TS1005: ',' expected.
src/testing/websocket/WebSocketConnectionTester.ts(647,67): error TS1005: ';' expected.
src/testing/websocket/WebSocketConnectionTester.ts(648,11): error TS1005: ':' expected.
src/testing/websocket/WebSocketConnectionTester.ts(650,5): error TS1005: ',' expected.
src/testing/websocket/WebSocketConnectionTester.ts(650,9): error TS1005: ':' expected.
src/testing/websocket/WebSocketConnectionTester.ts(651,13): error TS1005: ':' expected.
src/testing/websocket/WebSocketConnectionTester.ts(652,7): error TS1005: ',' expected.
src/testing/websocket/WebSocketConnectionTester.ts(652,13): error TS1005: ':' expected.
src/testing/websocket/WebSocketConnectionTester.ts(655,7): error TS1005: ',' expected.
src/testing/websocket/WebSocketConnectionTester.ts(655,13): error TS1005: ':' expected.
src/testing/websocket/WebSocketConnectionTester.ts(656,7): error TS1005: ',' expected.
src/testing/websocket/WebSocketConnectionTester.ts(656,13): error TS1005: ':' expected.
src/testing/websocket/WebSocketConnectionTester.ts(659,7): error TS1005: ',' expected.
src/testing/websocket/WebSocketConnectionTester.ts(659,13): error TS1005: ',' expected.
src/testing/websocket/WebSocketConnectionTester.ts(662,7): error TS1005: ',' expected.
src/testing/websocket/WebSocketConnectionTester.ts(662,13): error TS1005: ':' expected.
src/testing/websocket/WebSocketConnectionTester.ts(665,7): error TS1005: ',' expected.
src/testing/websocket/WebSocketConnectionTester.ts(665,13): error TS1005: ':' expected.
src/testing/websocket/WebSocketConnectionTester.ts(666,7): error TS1005: ',' expected.
src/testing/websocket/WebSocketConnectionTester.ts(666,13): error TS1005: ':' expected.
src/testing/websocket/WebSocketConnectionTester.ts(668,7): error TS1005: ',' expected.
src/testing/websocket/WebSocketConnectionTester.ts(668,13): error TS1005: ':' expected.
src/testing/websocket/WebSocketConnectionTester.ts(670,7): error TS1005: ',' expected.
src/testing/websocket/WebSocketConnectionTester.ts(670,14): error TS1005: ':' expected.
src/testing/websocket/WebSocketConnectionTester.ts(691,7): error TS1005: ',' expected.
src/testing/websocket/WebSocketConnectionTester.ts(706,3): error TS1434: Unexpected keyword or identifier.
src/testing/websocket/WebSocketConnectionTester.ts(706,10): error TS1434: Unexpected keyword or identifier.
src/testing/websocket/WebSocketConnectionTester.ts(706,52): error TS1005: ',' expected.
src/testing/websocket/WebSocketConnectionTester.ts(706,66): error TS1005: ';' expected.
src/testing/websocket/WebSocketConnectionTester.ts(707,11): error TS1005: ':' expected.
src/testing/websocket/WebSocketConnectionTester.ts(709,5): error TS1005: ',' expected.
src/testing/websocket/WebSocketConnectionTester.ts(709,9): error TS1005: ':' expected.
src/testing/websocket/WebSocketConnectionTester.ts(710,13): error TS1005: ':' expected.
src/testing/websocket/WebSocketConnectionTester.ts(710,25): error TS1005: ',' expected.
src/testing/websocket/WebSocketConnectionTester.ts(724,7): error TS1005: ',' expected.
src/testing/websocket/WebSocketConnectionTester.ts(724,13): error TS1005: ':' expected.
src/testing/websocket/WebSocketConnectionTester.ts(725,7): error TS1005: ',' expected.
src/testing/websocket/WebSocketConnectionTester.ts(725,11): error TS1005: ':' expected.
src/testing/websocket/WebSocketConnectionTester.ts(728,7): error TS1005: ',' expected.
src/testing/websocket/WebSocketConnectionTester.ts(728,13): error TS1005: ':' expected.
src/testing/websocket/WebSocketConnectionTester.ts(731,7): error TS1005: ',' expected.
src/testing/websocket/WebSocketConnectionTester.ts(731,13): error TS1005: ':' expected.
src/testing/websocket/WebSocketConnectionTester.ts(734,7): error TS1005: ',' expected.
src/testing/websocket/WebSocketConnectionTester.ts(734,13): error TS1005: ':' expected.
src/testing/websocket/WebSocketConnectionTester.ts(735,7): error TS1005: ',' expected.
src/testing/websocket/WebSocketConnectionTester.ts(735,13): error TS1005: ':' expected.
src/testing/websocket/WebSocketConnectionTester.ts(737,7): error TS1005: ',' expected.
src/testing/websocket/WebSocketConnectionTester.ts(737,13): error TS1005: ',' expected.
src/testing/websocket/WebSocketConnectionTester.ts(738,7): error TS1005: ',' expected.
src/testing/websocket/WebSocketConnectionTester.ts(738,13): error TS1005: ',' expected.
src/testing/websocket/WebSocketConnectionTester.ts(741,7): error TS1005: ',' expected.
src/testing/websocket/WebSocketConnectionTester.ts(741,22): error TS1005: ',' expected.
src/testing/websocket/WebSocketConnectionTester.ts(741,48): error TS1005: ',' expected.
src/testing/websocket/WebSocketConnectionTester.ts(741,50): error TS1136: Property assignment expected.
src/testing/websocket/WebSocketConnectionTester.ts(742,15): error TS1005: ',' expected.
src/testing/websocket/WebSocketConnectionTester.ts(743,9): error TS1005: ',' expected.
src/testing/websocket/WebSocketConnectionTester.ts(743,14): error TS1005: ':' expected.
src/testing/websocket/WebSocketConnectionTester.ts(743,29): error TS1005: ',' expected.
src/testing/websocket/WebSocketConnectionTester.ts(743,58): error TS1005: ',' expected.
src/testing/websocket/WebSocketConnectionTester.ts(743,60): error TS1136: Property assignment expected.
src/testing/websocket/WebSocketConnectionTester.ts(744,15): error TS1005: ',' expected.
src/testing/websocket/WebSocketConnectionTester.ts(772,5): error TS1109: Expression expected.
src/testing/websocket/WebSocketConnectionTester.ts(772,7): error TS1005: 'try' expected.
src/testing/websocket/WebSocketConnectionTester.ts(782,3): error TS1109: Expression expected.
src/testing/websocket/WebSocketConnectionTester.ts(787,3): error TS1434: Unexpected keyword or identifier.
src/testing/websocket/WebSocketConnectionTester.ts(787,11): error TS1434: Unexpected keyword or identifier.
src/testing/websocket/WebSocketConnectionTester.ts(787,43): error TS1005: ',' expected.
src/testing/websocket/WebSocketConnectionTester.ts(787,73): error TS1005: ',' expected.
src/testing/websocket/WebSocketConnectionTester.ts(787,87): error TS1005: ';' expected.
src/testing/websocket/WebSocketConnectionTester.ts(788,11): error TS1005: ':' expected.
src/testing/websocket/WebSocketConnectionTester.ts(794,5): error TS1005: ',' expected.
src/testing/websocket/WebSocketConnectionTester.ts(794,11): error TS1005: ':' expected.
src/testing/websocket/WebSocketConnectionTester.ts(795,5): error TS1005: ',' expected.
src/testing/websocket/WebSocketConnectionTester.ts(795,11): error TS1005: ':' expected.
src/testing/websocket/WebSocketConnectionTester.ts(798,5): error TS1005: ',' expected.
src/testing/websocket/WebSocketConnectionTester.ts(798,14): error TS1005: ',' expected.
src/testing/websocket/WebSocketConnectionTester.ts(798,29): error TS1005: ';' expected.
src/testing/websocket/WebSocketConnectionTester.ts(814,7): error TS1128: Declaration or statement expected.
src/testing/websocket/WebSocketConnectionTester.ts(840,3): error TS1128: Declaration or statement expected.
src/testing/websocket/WebSocketConnectionTester.ts(845,3): error TS1128: Declaration or statement expected.
src/testing/websocket/WebSocketConnectionTester.ts(845,11): error TS1434: Unexpected keyword or identifier.
src/testing/websocket/WebSocketConnectionTester.ts(845,40): error TS1005: ',' expected.
src/testing/websocket/WebSocketConnectionTester.ts(845,56): error TS1005: ',' expected.
src/testing/websocket/WebSocketConnectionTester.ts(845,78): error TS1005: ';' expected.
src/testing/websocket/WebSocketConnectionTester.ts(846,11): error TS1005: ':' expected.
src/testing/websocket/WebSocketConnectionTester.ts(846,23): error TS1005: ',' expected.
src/testing/websocket/WebSocketConnectionTester.ts(853,5): error TS1005: ',' expected.
src/testing/websocket/WebSocketConnectionTester.ts(853,11): error TS1005: ':' expected.
src/testing/websocket/WebSocketConnectionTester.ts(854,5): error TS1005: ',' expected.
src/testing/websocket/WebSocketConnectionTester.ts(854,9): error TS1005: ':' expected.
src/testing/websocket/WebSocketConnectionTester.ts(856,5): error TS1005: ',' expected.
src/testing/websocket/WebSocketConnectionTester.ts(856,9): error TS1005: ':' expected.
src/testing/websocket/WebSocketConnectionTester.ts(857,13): error TS1005: ':' expected.
src/testing/websocket/WebSocketConnectionTester.ts(858,7): error TS1005: ',' expected.
src/testing/websocket/WebSocketConnectionTester.ts(862,5): error TS1005: ',' expected.
src/testing/websocket/WebSocketConnectionTester.ts(862,12): error TS1005: ':' expected.
src/testing/websocket/WebSocketConnectionTester.ts(868,3): error TS1434: Unexpected keyword or identifier.
src/testing/websocket/WebSocketConnectionTester.ts(868,11): error TS1434: Unexpected keyword or identifier.
src/testing/websocket/WebSocketConnectionTester.ts(868,26): error TS1005: ';' expected.
src/testing/websocket/WebSocketConnectionTester.ts(868,40): error TS1109: Expression expected.
src/testing/websocket/WebSocketConnectionTester.ts(869,9): error TS1005: ':' expected.
src/testing/websocket/WebSocketConnectionTester.ts(871,12): error TS1359: Identifier expected. 'const' is a reserved word that cannot be used here.
src/testing/websocket/WebSocketConnectionTester.ts(871,18): error TS1005: ',' expected.
src/testing/websocket/WebSocketConnectionTester.ts(871,35): error TS1005: ',' expected.
src/testing/websocket/WebSocketConnectionTester.ts(871,38): error TS1005: ',' expected.
src/testing/websocket/WebSocketConnectionTester.ts(871,42): error TS1005: ',' expected.
src/testing/websocket/WebSocketConnectionTester.ts(871,60): error TS1005: ',' expected.
src/testing/websocket/WebSocketConnectionTester.ts(871,62): error TS1136: Property assignment expected.
src/testing/websocket/WebSocketConnectionTester.ts(885,5): error TS1128: Declaration or statement expected.
src/testing/websocket/WebSocketConnectionTester.ts(885,7): error TS1005: 'try' expected.
src/testing/websocket/WebSocketConnectionTester.ts(888,3): error TS1128: Declaration or statement expected.
src/testing/websocket/WebSocketConnectionTester.ts(893,3): error TS1128: Declaration or statement expected.
src/testing/websocket/WebSocketConnectionTester.ts(893,27): error TS1005: ';' expected.
src/testing/websocket/WebSocketConnectionTester.ts(893,102): error TS1109: Expression expected.
src/testing/websocket/WebSocketConnectionTester.ts(952,1): error TS1128: Declaration or statement expected.
